<?xml version="1.0" encoding="utf-8"?><testsuites><testsuite name="pytest" errors="0" failures="0" skipped="0" tests="7" time="21.053" timestamp="2026-03-02T21:19:14.634933" hostname="ip-172-31-25-216"><testcase classname="test.integration.todoApiTest.TestApi" name="test_api_addtodo" time="6.622" /><testcase classname="test.integration.todoApiTest.TestApi" name="test_api_deletetodo" time="4.018" /><testcase classname="test.integration.todoApiTest.TestApi" name="test_api_gettodo" time="1.428" /><testcase classname="test.integration.todoApiTest.TestApi" name="test_api_listtodos" time="3.604" /><testcase classname="test.integration.todoApiTest.TestApi" name="test_api_updatetodo" time="4.402" /><testcase classname="test.integration.todoApiTest.TestApiReadOnly" name="test_api_health_check" time="0.390" /><testcase classname="test.integration.todoApiTest.TestApiReadOnly" name="test_api_list_readonly" time="0.499" /></testsuite></testsuites>